{
	"myapp/layer": {
		"modules": {
			"myLib/main": true,
			"myapp/src": true
		}
	}
}
